0001 (DeclTopDecl
         :decls
         ((ValDecl
             :bindings
             ((ValBind
                 :pat
                 (IdentifierPattern
                     :qualifiers
                     ()
                     :identifier
                     "6974"
                     :is_op
                     false
                     :is_prefix_op
                     false)
                 :expr
                 (IfExpr
                     :cond
                     (IdentifierExpr
                         :qualifiers
                         ()
                         :identifier
                         "666F6F"
                         :is_op
                         false
                         :is_prefix_op
                         false)
                     :true_branch
                     (IdentifierExpr
                         :qualifiers
                         ()
                         :identifier
                         "626172"
                         :is_op
                         false
                         :is_prefix_op
                         false)
                     :false_branch
                     (IdentifierExpr
                         :qualifiers
                         ()
                         :identifier
                         "62617A"
                         :is_op
                         false
                         :is_prefix_op
                         false))
                 :rec
                 false))
             :explicit_type_vars
             ())))
0002 (DeclTopDecl
         :decls
         ((ValDecl
             :bindings
             ((ValBind
                 :pat
                 (IdentifierPattern
                     :qualifiers
                     ()
                     :identifier
                     "6974"
                     :is_op
                     false
                     :is_prefix_op
                     false)
                 :expr
                 (IfExpr
                     :cond
                     (IfExpr
                         :cond
                         (IdentifierExpr
                             :qualifiers
                             ()
                             :identifier
                             "666F6F"
                             :is_op
                             false
                             :is_prefix_op
                             false)
                         :true_branch
                         (IdentifierExpr
                             :qualifiers
                             ()
                             :identifier
                             "626172"
                             :is_op
                             false
                             :is_prefix_op
                             false)
                         :false_branch
                         (IdentifierExpr
                             :qualifiers
                             ()
                             :identifier
                             "62617A"
                             :is_op
                             false
                             :is_prefix_op
                             false))
                     :true_branch
                     (IdentifierExpr
                         :qualifiers
                         ()
                         :identifier
                         "71757578"
                         :is_op
                         false
                         :is_prefix_op
                         false)
                     :false_branch
                     (IdentifierExpr
                         :qualifiers
                         ()
                         :identifier
                         "77616C646F"
                         :is_op
                         false
                         :is_prefix_op
                         false))
                 :rec
                 false))
             :explicit_type_vars
             ())))
0003 (DeclTopDecl
         :decls
         ((ValDecl
             :bindings
             ((ValBind
                 :pat
                 (IdentifierPattern
                     :qualifiers
                     ()
                     :identifier
                     "6974"
                     :is_op
                     false
                     :is_prefix_op
                     false)
                 :expr
                 (IfExpr
                     :cond
                     (IdentifierExpr
                         :qualifiers
                         ()
                         :identifier
                         "666F6F"
                         :is_op
                         false
                         :is_prefix_op
                         false)
                     :true_branch
                     (IfExpr
                         :cond
                         (IdentifierExpr
                             :qualifiers
                             ()
                             :identifier
                             "626172"
                             :is_op
                             false
                             :is_prefix_op
                             false)
                         :true_branch
                         (IdentifierExpr
                             :qualifiers
                             ()
                             :identifier
                             "62617A"
                             :is_op
                             false
                             :is_prefix_op
                             false)
                         :false_branch
                         (IdentifierExpr
                             :qualifiers
                             ()
                             :identifier
                             "71757578"
                             :is_op
                             false
                             :is_prefix_op
                             false))
                     :false_branch
                     (IdentifierExpr
                         :qualifiers
                         ()
                         :identifier
                         "77616C646F"
                         :is_op
                         false
                         :is_prefix_op
                         false))
                 :rec
                 false))
             :explicit_type_vars
             ())))
0004 (DeclTopDecl
         :decls
         ((ValDecl
             :bindings
             ((ValBind
                 :pat
                 (IdentifierPattern
                     :qualifiers
                     ()
                     :identifier
                     "6974"
                     :is_op
                     false
                     :is_prefix_op
                     false)
                 :expr
                 (IfExpr
                     :cond
                     (IdentifierExpr
                         :qualifiers
                         ()
                         :identifier
                         "666F6F"
                         :is_op
                         false
                         :is_prefix_op
                         false)
                     :true_branch
                     (IdentifierExpr
                         :qualifiers
                         ()
                         :identifier
                         "626172"
                         :is_op
                         false
                         :is_prefix_op
                         false)
                     :false_branch
                     (IfExpr
                         :cond
                         (IdentifierExpr
                             :qualifiers
                             ()
                             :identifier
                             "62617A"
                             :is_op
                             false
                             :is_prefix_op
                             false)
                         :true_branch
                         (IdentifierExpr
                             :qualifiers
                             ()
                             :identifier
                             "71757578"
                             :is_op
                             false
                             :is_prefix_op
                             false)
                         :false_branch
                         (IdentifierExpr
                             :qualifiers
                             ()
                             :identifier
                             "77616C646F"
                             :is_op
                             false
                             :is_prefix_op
                             false)))
                 :rec
                 false))
             :explicit_type_vars
             ())))
0005 ERROR
0006 ERROR
0007 ERROR
0008 ERROR
0009 ERROR
0010 (EndOfFileTopDecl)
