0001 (DeclTopDecl
         :decl
         (ValDecl
             :bindings
             (((IdentifierPattern
                 :qualifiers
                 ()
                 :identifier
                 "666F6F"
                 :is_op
                 false
                 :is_prefix_op
                 false)
               . (IdentifierExpr
                     :qualifiers
                     ()
                     :identifier
                     "626172"
                     :is_op
                     false
                     :is_prefix_op
                     false)))))
0002 (DeclTopDecl
         :decl
         (ValDecl
             :bindings
             (((IdentifierPattern
                 :qualifiers
                 ()
                 :identifier
                 "666F6F"
                 :is_op
                 false
                 :is_prefix_op
                 false)
               . (IdentifierExpr
                     :qualifiers
                     ("626172")
                     :identifier
                     "62617A"
                     :is_op
                     false
                     :is_prefix_op
                     false)))))
0003 (DeclTopDecl
         :decl
         (ValDecl
             :bindings
             (((LayeredPattern
                 :identifier
                 "666F6F"
                 :pattern
                 (TuplePattern
                     :patterns
                     (
                         (IdentifierPattern
                             :qualifiers
                             ()
                             :identifier
                             "6E756D"
                             :is_op
                             false
                             :is_prefix_op
                             false)
                         (IdentifierPattern
                             :qualifiers
                             ()
                             :identifier
                             "737472"
                             :is_op
                             false
                             :is_prefix_op
                             false)
                     )))
               . (TupleExpr
                     :exprs
                     (
                         (BigintLiteralExpr
                             :val
                             1)
                         (StringLiteralExpr
                             :val
                             "626172")
                     ))))))
0004 (DeclTopDecl
         :decl
         (ValDecl
             :bindings
             (((TuplePattern
                 :patterns
                 (
                     (IdentifierPattern
                         :qualifiers
                         ()
                         :identifier
                         "6E756D"
                         :is_op
                         false
                         :is_prefix_op
                         false)
                     (WildcardPattern)
                 ))
               . (TupleExpr
                     :exprs
                     (
                         (BigintLiteralExpr
                             :val
                             1)
                         (StringLiteralExpr
                             :val
                             "626172")
                     ))))))
0005 (DeclTopDecl
         :decl
         (ValDecl
             :bindings
             (((WildcardPattern)
               . (IdentifierExpr
                     :qualifiers
                     ()
                     :identifier
                     "666F6F"
                     :is_op
                     false
                     :is_prefix_op
                     false)))))
0006 (DeclTopDecl
         :decl
         (ValDecl
             :bindings
             (((IdentifierPattern
                 :qualifiers
                 ()
                 :identifier
                 "2B2B"
                 :is_op
                 true
                 :is_prefix_op
                 false)
               . (IdentifierExpr
                     :qualifiers
                     ()
                     :identifier
                     "2B"
                     :is_op
                     true
                     :is_prefix_op
                     false)))))
0007 (DeclTopDecl
         :decl
         (ValDecl
             :bindings
             (((IdentifierPattern
                 :qualifiers
                 ()
                 :identifier
                 "2B"
                 :is_op
                 true
                 :is_prefix_op
                 true)
               . (FnExpr
                     :cases
                     (((IdentifierPattern
                         :qualifiers
                         ()
                         :identifier
                         "78"
                         :is_op
                         false
                         :is_prefix_op
                         false)
                       . (IdentifierExpr
                             :qualifiers
                             ()
                             :identifier
                             "78"
                             :is_op
                             false
                             :is_prefix_op
                             false))))))))
0008 (DeclTopDecl
         :decl
         (ValDecl
             :bindings
             (((IdentifierPattern
                 :qualifiers
                 (
                     "666F6F"
                     "626172"
                 )
                 :identifier
                 "62617A"
                 :is_op
                 false
                 :is_prefix_op
                 false)
               . (IdentifierExpr
                     :qualifiers
                     ()
                     :identifier
                     "74"
                     :is_op
                     false
                     :is_prefix_op
                     false)))))
0009 (DeclTopDecl
         :decl
         (ValDecl
             :bindings
             (((PolyRecordPattern
                 :rows
                 (
                     (RecRowPattern
                         :label
                         "666F6F"
                         :pattern
                         (IdentifierPattern
                             :qualifiers
                             ()
                             :identifier
                             "666F6F"
                             :is_op
                             false
                             :is_prefix_op
                             false))
                     (RecRowPattern
                         :label
                         "626172"
                         :pattern
                         (LayeredPattern
                             :identifier
                             "626172"
                             :pattern
                             (TuplePattern
                                 :patterns
                                 (
                                     (IdentifierPattern
                                         :qualifiers
                                         ()
                                         :identifier
                                         "62617A"
                                         :is_op
                                         false
                                         :is_prefix_op
                                         false)
                                     (IdentifierPattern
                                         :qualifiers
                                         ()
                                         :identifier
                                         "71757578"
                                         :is_op
                                         false
                                         :is_prefix_op
                                         false)
                                 ))))
                     (RecRowPattern
                         :label
                         "77616C646F"
                         :pattern
                         (LiteralPattern
                             :val
                             (BigintLiteralExpr
                                 :val
                                 2)))
                 ))
               . (IdentifierExpr
                     :qualifiers
                     ()
                     :identifier
                     "78797A7A79"
                     :is_op
                     false
                     :is_prefix_op
                     false)))))
0010 (DeclTopDecl
         :decl
         (ValDecl
             :bindings
             (((TuplePattern
                 :patterns
                 ())
               . (IdentifierExpr
                     :qualifiers
                     ()
                     :identifier
                     "666F6F"
                     :is_op
                     false
                     :is_prefix_op
                     false)))))
0011 (DeclTopDecl
         :decl
         (ValDecl
             :bindings
             (((TuplePattern
                 :patterns
                 (
                     (IdentifierPattern
                         :qualifiers
                         ()
                         :identifier
                         "666F6F"
                         :is_op
                         false
                         :is_prefix_op
                         false)
                     (WildcardPattern)
                     (IdentifierPattern
                         :qualifiers
                         ()
                         :identifier
                         "2B2B"
                         :is_op
                         true
                         :is_prefix_op
                         false)
                     (IdentifierPattern
                         :qualifiers
                         ()
                         :identifier
                         "3D"
                         :is_op
                         true
                         :is_prefix_op
                         false)
                     (IdentifierPattern
                         :qualifiers
                         ()
                         :identifier
                         "2A"
                         :is_op
                         true
                         :is_prefix_op
                         false)
                     (IdentifierPattern
                         :qualifiers
                         ()
                         :identifier
                         "626172"
                         :is_op
                         false
                         :is_prefix_op
                         false)
                 ))
               . (IdentifierExpr
                     :qualifiers
                     ()
                     :identifier
                     "62617A"
                     :is_op
                     false
                     :is_prefix_op
                     false)))))
0012 (DeclTopDecl
         :decl
         (ValDecl
             :bindings
             (((ListPattern
                 :patterns
                 ())
               . (IdentifierExpr
                     :qualifiers
                     ()
                     :identifier
                     "666F6F"
                     :is_op
                     false
                     :is_prefix_op
                     false)))))
0013 (DeclTopDecl
         :decl
         (ValDecl
             :bindings
             (((ListPattern
                 :patterns
                 (
                     (LayeredPattern
                         :identifier
                         "666F6F"
                         :pattern
                         (TuplePattern
                             :patterns
                             (
                                 (WildcardPattern)
                                 (IdentifierPattern
                                     :qualifiers
                                     ()
                                     :identifier
                                     "626172"
                                     :is_op
                                     false
                                     :is_prefix_op
                                     false)
                             )))
                     (IdentifierPattern
                         :qualifiers
                         ()
                         :identifier
                         "62617A"
                         :is_op
                         false
                         :is_prefix_op
                         false)
                     (RecordPattern
                         :rows
                         (
                             (RecRowPattern
                                 :label
                                 "71757578"
                                 :pattern
                                 (IdentifierPattern
                                     :qualifiers
                                     ()
                                     :identifier
                                     "71757578"
                                     :is_op
                                     false
                                     :is_prefix_op
                                     false))
                             (RecRowPattern
                                 :label
                                 "77616C646F"
                                 :pattern
                                 (TuplePattern
                                     :patterns
                                     (
                                         (IdentifierPattern
                                             :qualifiers
                                             ()
                                             :identifier
                                             "78797A7A79"
                                             :is_op
                                             false
                                             :is_prefix_op
                                             false)
                                         (IdentifierPattern
                                             :qualifiers
                                             ()
                                             :identifier
                                             "706C756768"
                                             :is_op
                                             false
                                             :is_prefix_op
                                             false)
                                     )))
                         ))
                     (WildcardPattern)
                 ))
               . (IdentifierExpr
                     :qualifiers
                     ()
                     :identifier
                     "677261756C74"
                     :is_op
                     false
                     :is_prefix_op
                     false)))))
0014 (DeclTopDecl
         :decl
         (ValDecl
             :bindings
             (((DatatypePattern
                 :constructor
                 (IdentifierPattern
                     :qualifiers
                     ()
                     :identifier
                     "466F6F"
                     :is_op
                     false
                     :is_prefix_op
                     false)
                 :arg
                 (IdentifierPattern
                     :qualifiers
                     ()
                     :identifier
                     "626172"
                     :is_op
                     false
                     :is_prefix_op
                     false))
               . (IdentifierExpr
                     :qualifiers
                     ()
                     :identifier
                     "62617A"
                     :is_op
                     false
                     :is_prefix_op
                     false)))))
0015 (DeclTopDecl
         :decl
         (ValDecl
             :bindings
             (((DatatypePattern
                 :constructor
                 (IdentifierPattern
                     :qualifiers
                     ()
                     :identifier
                     "3A3A"
                     :is_op
                     true
                     :is_prefix_op
                     false)
                 :arg
                 (TuplePattern
                     :patterns
                     (
                         (IdentifierPattern
                             :qualifiers
                             ()
                             :identifier
                             "666F6F"
                             :is_op
                             false
                             :is_prefix_op
                             false)
                         (IdentifierPattern
                             :qualifiers
                             ()
                             :identifier
                             "626172"
                             :is_op
                             false
                             :is_prefix_op
                             false)
                     )))
               . (IdentifierExpr
                     :qualifiers
                     ()
                     :identifier
                     "62617A"
                     :is_op
                     false
                     :is_prefix_op
                     false)))))
0016 (DeclTopDecl
         :decl
         (ValDecl
             :bindings
             (((DatatypePattern
                 :constructor
                 (IdentifierPattern
                     :qualifiers
                     ()
                     :identifier
                     "7E"
                     :is_op
                     true
                     :is_prefix_op
                     true)
                 :arg
                 (IdentifierPattern
                     :qualifiers
                     ()
                     :identifier
                     "666F6F"
                     :is_op
                     false
                     :is_prefix_op
                     false))
               . (IdentifierExpr
                     :qualifiers
                     ()
                     :identifier
                     "626172"
                     :is_op
                     false
                     :is_prefix_op
                     false)))))
0018 ERROR
0019 ERROR
0020 ERROR
0021 ERROR
0022 ERROR
0023 (EndOfFileTopDecl)
