@0001: ERROR
@0002:
val it : bool
@0003:
val it : bool
@0004:
val it : string
@0005:
val it : string
@0006:
val it : string
@0007: ERROR
@0008:
