@0001:
val it : string
@0002:
val it : string
@0003: ERROR
@0004:
