0002 ID_WORD 666F6F foo
0004 ID_WORD 666F6F foo
0006 ID_WORD 666F6F foo
0010 ID_WORD 666F6F foo
0011 STRING 2A2A R"(**)"
0012 STRING 282A "(*"
0012 ID_WORD 666F6F foo
0014 ID_WORD 666F6F foo
0016 ID_WORD 666F6F foo
0017 ERROR
0019 ERROR
0020 END_OF_FILE
