0001 FPLITERAL 1.2345600000000e+02 123.456
0002 FPLITERAL -1.2345600000000e+02 -123.456
0003 FPLITERAL 1.2300000000000e+02 123.
0004 FPLITERAL -1.2300000000000e+02 -123.
0005 FPLITERAL 1.2300000000000e+80 123.e78
0006 FPLITERAL -1.2300000000000e+80 -123.E78
0007 FPLITERAL 1.2300000000000e-76 123.E-78
0008 FPLITERAL 1.2345600000000e+80 123.456e78
0009 FPLITERAL -1.2300000000000e+80 -123e78
0010 FPLITERAL 1.2300000000000e-76 123E-78
0011 FPLITERAL -1.2300000000000e+02 -123f
0012 FPLITERAL 1.2300000000000e+02 123F
0013 FPLITERAL inf Inf
0014 FPLITERAL -inf -Inf
0015 FPLITERAL nan NaN
0016 FPLITERAL 1.2345600078900e+05 123_456.000_789
0017 ERROR
0019 ERROR
0021 ERROR
0023 ERROR
0025 ERROR
0027 END
