val it = true : bool
val it = true : bool
val it = "hi there" : string
val it = "hi there" : string
val it = "hi there" : string
